// Jest Snapshot v1, https://goo.gl/fbAQLP

exports[`screen: ProfileDetails matches snapshot 1`] = `
.emotion-0 {
  padding: 16px;
  display: grid;
  grid-template-rows: auto;
  gap: 8px;
}

@media (min-width: 1280px) {
  .emotion-0 {
    padding: 16px 24px;
  }
}

.emotion-0 a {
  color: #4092CD;
}

@media (min-width:1280px) {
  .emotion-0 {
    gap: 16px;
  }
}

<div
  id="Layout"
  navTitle="profileDetails"
>
  <div
    exists={true}
    id="LoadAndExist"
    loading={false}
  >
    <span
      className="emotion-0"
    >

      <div
        data={
          [
            {
              "creationTime": "2021-10-06T00:10:45.761731",
              "identifier": "desmostest",
              "network": "desmos",
            },
          ]
        }
        id="Connections"
      />
    </span>
  </div>
</div>
`;
